---
source: src/tui/render/screen.rs
expression: "screen(&app, 80, 24)"
---
" asqr · queue: default · 1 session waiting                                      "
" Release 0.2.0  (release script)                                                "
"   ☐ Go?  ☒ Channels  ☐ Highlights  ✔ Review                                    "
"────────────────────────────────────────────────────────────────────────────────"
" All checks passed. Publish 0.2.0 now?                                          "
" pick one · required                                                            "
"                                                                                "
" ❯ ( ) 1. Publish now                                                           "
"   ( ) 2. Later           Keep the tag, publish after the weekend.              "
"   ( ) 3. Do not publish  Delete the tag again.                                 "
"                                                                                "
" Notes: —                                                                       "
"                                                                                "
"                                                                                "
"                                                                                "
"                                                                                "
"                                                                                "
"                                                                                "
"                                                                                "
"                                                                                "
"                                                                                "
"                                                                                "
"batch-01 collided with an unread result and was archived                        "
" ↑/↓  move   enter  pick   ←/→  question   n  note   ?  help   q  quit          "
