---
source: src/tui/render/screen.rs
expression: "screen(&app, 80, 24)"
---
" asqr · queue: default · 1 session waiting                                      "
" Release 0.2.0  (release script)                                                "
" Three decisions before the release. required questions block submit.           "
"   ☐ Go?  ☒ Channels  ☐ Highlights  ✔ Review                                    "
"────────────────────────────────────────────────────────────────────────────────"
" Review your answers, then submit or reject.                                    "
"                                                                                "
"   ☐ Go?         -  required                                                    "
"   ☒ Channels    default                                                        "
"   ☐ Highlights  -                                                              "
"                                                                                "
" answered 1 · skipped 2 · defaulted 1                                           "
"                                                                                "
"   [ Submit ]                                                                   "
" ❯ ✗ Reject, reason (optional): out of date                                     "
"                                                                                "
"                                                                                "
"                                                                                "
"                                                                                "
"                                                                                "
"                                                                                "
"                                                                                "
"                                                                                "
" enter  reject   ↑  back   esc  stop typing                                     "
