---
source: src/tui/render/screen.rs
expression: "screen(&app, 90, 24)"
---
" asqr · queue: default · 1 session waiting                                                "
"Release 0.2.0  (release script)                                                        1/3"
"──────────────────────────────────────────────────────────────────────────────────────────"
"> Go?  yes                   │ All checks passed. Publish 0.2.0 now?                      "
"  Channels  default          │ pick one · required                                        "
"  Highlights  -              │                                                            "
"                             │ › (•) 1 Publish now                                        "
"                             │   ( ) 2 Later                                              "
"                             │         Keep the tag, publish after the weekend.           "
"                    ┌ Submit this session? ──────────────────────────┐                    "
"                    │                                                │                    "
"                    │      answered 2 · skipped 1 · defaulted 1      │                    "
"                    │                                                │                    "
"                    │          enter submits · esc goes back         │                    "
"                    │                                                │                    "
"                    └────────────────────────────────────────────────┘                    "
"                             │                                                            "
"                             │                                                            "
"                             │                                                            "
"                             │                                                            "
"                             │                                                            "
"                             │                                                            "
"                                                                                          "
" enter  confirm   esc  back                                                               "
