---
source: src/tui/render/screen.rs
expression: "screen(&app, 80, 24)"
---
" asqr · queue: default · 1 session waiting                                      "
" Release 0.2.0  (release script)                                                "
" Three decisions before the release. required questions block submit.           "
"   ☐ Go?  ☒ Channels  ☐ Highlights  ✔ Review                                    "
"────────────────────────────────────────────────────────────────────────────────"
" All checks passed. Publish 0.2.0 now?                                          "
" pick one · required                                                            "
"                                                                                "
" ❯ ( ) 1. Publish now                                                           "
"   ( ) 2. Later           Keep the tag, publish after the weekend.              "
"   ( ) 3. Do not publish  Delete the tag again.                                 "
"                                                                                "
" Notes: after the weekend                                                       "
"                                                                                "
"                                                                                "
"                                                                                "
"                                                                                "
"                                                                                "
"                                                                                "
"                                                                                "
"                                                                                "
"                                                                                "
"                                                                                "
" ctrl-j  new line   enter/esc  done                                             "
