---
source: src/tui/render/screen.rs
expression: "screen(&app(&[(\"batch\", EXAMPLE)]), 100, 30)"
---
" asqr · queue: default · 1 session waiting                                                          "
"Alt rework 3, batch 1  (claude-code, torchsnap mascots)  follows: alt-rework-3-batch-00          1/3"
"────────────────────────────────────────────────────────────────────────────────────────────────────"
"> 301  -                       │ holly-crown-green-robe-feast-ghost: Ghost of Christmas Present (A  "
"  extras  default              │ Christmas Carol)                                                   "
"  comment  -                   │ pick one, or type your own with c                                  "
"                               │                                                                    "
"                               │ › ( ) 1 Old                                                        "
"                               │         Snappy in holly -- the old line.                           "
"                               │   ( ) 2 New 1                                                      "
"                               │         Snappy in holly -- the first new line.                     "
"                               │   ( ) 3 New 2                                                      "
"                               │         Snappy in holly -- the second new line.                    "
"                               │   ( ) 4 More                                                       "
"                               │         None of these; new variations next batch.                  "
"                               │                                                                    "
"                               │ image not shown                                                    "
"                               │ /tmp/asqr-example/301-holly-crown-green-robe-feast-ghost.png       "
"                               │ No such file or directory (os error 2)                             "
"                               │                                                                    "
"                               │                                                                    "
"                               │                                                                    "
"                               │                                                                    "
"                               │                                                                    "
"                               │                                                                    "
"                               │                                                                    "
"                               │                                                                    "
"                               │                                                                    "
"                                                                                                    "
" j/k  move   space  select   c  own   n  note   tab  next   S  submit   ?  help   q  quit           "
