---
source: src/tui/render/screen.rs
expression: "screen(&app, 90, 24)"
---
" asqr · queue: default · 1 session waiting                                                "
"Release 0.2.0  (release script)                                                        2/3"
"──────────────────────────────────────────────────────────────────────────────────────────"
"  Go?  yes                   │ Where should the release be announced?                     "
"> Channels  changelog +note  │ pick up to 3, or type your own with c                      "
"  Highlights  -              │                                                            "
"                             │ › [x] 1 Changelog                                          "
"                             │   [ ] 2 Blog post                                          "
"                             │   [ ] 3 Social media                                       "
"                             │                                                            "
"                             │ Somewhere else: —                                          "
"                             │ Note: why                                                  "
"                             │                                                            "
"                             │                                                            "
"                             │                                                            "
"                             │                                                            "
"                             │                                                            "
"                             │                                                            "
"                             │                                                            "
"                             │                                                            "
"                             │                                                            "
"                             │                                                            "
"                                                                                          "
" j/k  move   space  select   c  own   n  note   tab  next   S  submit   ?  help   q  quit "
