---
source: src/tui/render/screen.rs
expression: "screen(&app, 90, 24)"
---
" asqr · queue: default · 1 session waiting                                                "
"Release 0.2.0  (release script)                                                        1/3"
"──────────────────────────────────────────────────────────────────────────────────────────"
"> Go?  -                     │ All checks passed. Publish 0.2.0 now?                      "
"  Channels  default          │ pick one · required                                        "
"  Highlights  ┌ Keys ──────────────────────────────────────────────────────┐              "
"              │j/k, ↓/↑              move within the options               │              "
"              │tab, shift-tab / J, K next and previous question            │              "
"              │space, enter          select or toggle the option           │nd.           "
"              │1-9                   pick an option directly               │              "
"              │c                     type your own answer                  │              "
"              │n                     add a note                            │              "
"              │esc                   leave a text field, keeping the text  │              "
"              │L                     the list of waiting sessions          │              "
"              │S                     submit the session                    │              "
"              │X                     reject the session                    │              "
"              │o, z                  open the image; show it full screen   │              "
"              │q, ctrl-c             quit, keeping the draft               │              "
"              │?                     this help                             │              "
"              └──────────────────────────────────────────── any key closes ┘              "
"                             │                                                            "
"                             │                                                            "
"                                                                                          "
" any key  close                                                                           "
