---
source: src/tui/render/screen.rs
expression: "screen(&app, 60, 15)"
---
" asqr · queue: default · 1 session waiting                  "
" Release 0.2.0  (release script)                            "
" Three decisions before the release. Skip what you cannot…  "
"   ☒ Go?  ☒ Channels  ☒ Highlights  ✔ Review                "
"────────────────────────────────────────────────────────────"
"                                                            "
"   ☒ Go?         Later                                      "
"   ☒ Channels    Changelog, Blog post, Social media         "
"   ☒ Highlights  "Queue scans are faster and the review sh… "
"                                                            "
" answered 3 · skipped 0 · defaulted 0                       "
"                                                            "
" ❯ [ Submit ]                                               "
"                                                            "
" ↑/↓  move   enter  open/submit   ←/→  question   ?  help   "
