---
source: src/tui/render/screen.rs
expression: "screen(&app, width, height)"
---
" asqr · queue: default · 1 session waiting                  "
" Release 0.2.0  (release script)                            "
" Three decisions before the release. required questions…    "
"   ☐ Go?  ☒ Channels  ☐ Highlights  ✔ Review                "
"────────────────────────────────────────────────────────────"
" Review your answers, then submit or reject.                "
"                                                            "
" ❯ ☐ Go?         -  required                                "
"   ☒ Channels    default                                    "
"   ☐ Highlights  -                                          "
"                                                            "
" answered 1 · skipped 2 · defaulted 1                       "
"                                                            "
"                                                            "
" ↑/↓  move   enter  open/submit   ←/→  question   ?  help   "
