---
source: src/tui/render/screen.rs
expression: "screen(&app, 60, 15)"
---
" asqr · queue: default · 1 session waiting                  "
" Release 0.2.0  (release script)                            "
" Three decisions before the release. Skip what you cannot…  "
"   ☐ Go?  ☒ Channels  ☐ Highlights  ✔ Review                "
"────────────────────────────────────────────────────────────"
" Where should the release be announced?                     "
" pick up to 3 items                                         "
"                                                            "
"   [x] 1. Changelog                                         "
"   [ ] 2. Blog post                                         "
"   [ ] 3. Social media                                      "
" ❯ [x] ✎ Somewhere else: …release channel and the team chat "
"                                                            "
"                                                            "
" enter  pick   ↑/↓  leave   esc  stop typing                "
