---
source: src/tui/render/screen.rs
expression: "screen(&app, 80, 24)"
---
" asqr · queue: default · 1 session waiting                                      "
" Release 0.2.0  (release script)                                                "
" Three decisions before the release. Skip what you cannot decide yet.           "
"   ☐ Go?  ☒ Channels  ☐ Highlights  ✔ Review                                    "
"────────────────────────────────────────────────────────────────────────────────"
" Where should the release be announced?                                         "
" pick up to 2 items                                                             "
"                                                                                "
"   [x] 1. Changelog                                                             "
"   [x] 2. Blog post                                                             "
" ❯ [ ] 3. Social media                                                          "
"   [ ] ✎ Somewhere else: —                                                      "
"                                                                                "
" Notes: —                                                                       "
"                                                                                "
"                                                                                "
"                                                                                "
"                                                                                "
"                                                                                "
"                                                                                "
"                                                                                "
"                                                                                "
"at most 2 options                                                               "
" ↑/↓  move   space  toggle   enter  next   ←/→  question   n  note   ?  help   q"
